// Jest Snapshot v1, https://goo.gl/fbAQLP

exports[`app renders learn react link 1`] = `
<input
  placeholder="inner text"
  value=""
/>
`;
